gameMethods\CityTerritory.class
guiMethods\UnitSelectGUI$2.class
guiMethods\HandGUI$1.class
guiMethods\CasualtyPanel$3.class
guiMethods\GameGUI.class
actions\GuiPlacement.class
unitsCombat\Unit.class
guiMethods\DiceGUI$3.class
guiMethods\BottomGUI.class
guiMethods\HandGUI.class
actions\SiegeAssault.class
actions\GuiKingMe.class
guiMethods\DiceGUI.class
actions\KingMe.class
actions\GuiSiegeAssault.class
guiMethods\TurnOrderPanel.class
guiMethods\MainPurchaseGUI$1.class
actions\Maneuver.class
actions\Fortify.class
actions\GuiSplitExpand.class
guiMethods\CombatGUI.class
actions\GuiFortify.class
guiMethods\CurrentCardPanel.class
guiMethods\UnitGUI.class
gameMethods\Player.class
guiMethods\DiceGUI$1.class
guiMethods\ButtonGUI$4.class
gameMethods\Connector.class
gameMethods\Territory.class
guiMethods\CasualtyPanel$2.class
guiMethods\UnitSelectGUI$1.class
guiMethods\ButtonGUI.class
gameMethods\RiskEurope.class
actions\GuiExpand.class
actions\Spend.class
guiMethods\AssualtCombatGUI.class
actions\Tax.class
guiMethods\AssualtCasualtyPanel.class
guiMethods\ButtonGUI$3.class
guiMethods\UnitSelectGUI.class
actions\Action.class
actions\GuiSpend.class
unitsCombat\Combat.class
guiMethods\CasualtyPanel.class
actions\GuiAction.class
guiMethods\ImagePanel.class
guiMethods\GameInit.class
guiMethods\CardGUI.class
actions\Placement.class
guiMethods\ButtonGUI$2.class
guiMethods\GuiMouseListener.class
actions\GuiManeuver.class
guiMethods\CombatGUI$1.class
guiMethods\HandMouseListener.class
guiMethods\AssualtCombatGUI$1.class
guiMethods\MapGUI.class
guiMethods\DiceGUI$2.class
guiMethods\GuiTerritory.class
guiMethods\SideGUI.class
guiMethods\CasualtyPanel$1.class
gameMethods\GameHash.class
gameMethods\GameInfo.class
guiMethods\UnitPurchaseGUI.class
guiMethods\GameGUI$1.class
actions\SplitExpand.class
guiMethods\ButtonGUI$1.class
gameMethods\Tester.class
actions\GuiTax.class
gameMethods\Card.class
gameMethods\GoldCityTerritory.class
gameMethods\CityCard.class
guiMethods\MainPurchaseGUI.class
actions\Expand.class
guiMethods\CombatGUI$2.class
guiMethods\UnitGUI$1.class
