C:\Users\Natha\Documents\RiskEuropeGame\RiskEurope\src\unitsCombat\Combat.java
C:\Users\Natha\Documents\RiskEuropeGame\RiskEurope\src\gameMethods\Card.java
C:\Users\Natha\Documents\RiskEuropeGame\RiskEurope\src\gameMethods\GameInfo.java
C:\Users\Natha\Documents\RiskEuropeGame\RiskEurope\src\actions\GuiExpand.java
C:\Users\Natha\Documents\RiskEuropeGame\RiskEurope\src\guiMethods\CardGUI.java
C:\Users\Natha\Documents\RiskEuropeGame\RiskEurope\src\guiMethods\TurnOrderPanel.java
C:\Users\Natha\Documents\RiskEuropeGame\RiskEurope\src\guiMethods\GuiMouseListener.java
C:\Users\Natha\Documents\RiskEuropeGame\RiskEurope\src\guiMethods\AssualtCasualtyPanel.java
C:\Users\Natha\Documents\RiskEuropeGame\RiskEurope\src\gameMethods\CityCard.java
C:\Users\Natha\Documents\RiskEuropeGame\RiskEurope\src\guiMethods\GuiTerritory.java
C:\Users\Natha\Documents\RiskEuropeGame\RiskEurope\src\unitsCombat\Unit.java
C:\Users\Natha\Documents\RiskEuropeGame\RiskEurope\src\actions\GuiAction.java
C:\Users\Natha\Documents\RiskEuropeGame\RiskEurope\src\guiMethods\MapGUI.java
C:\Users\Natha\Documents\RiskEuropeGame\RiskEurope\src\actions\GuiManeuver.java
C:\Users\Natha\Documents\RiskEuropeGame\RiskEurope\src\guiMethods\MainPurchaseGUI.java
C:\Users\Natha\Documents\RiskEuropeGame\RiskEurope\src\guiMethods\HandMouseListener.java
C:\Users\Natha\Documents\RiskEuropeGame\RiskEurope\src\guiMethods\UnitGUI.java
C:\Users\Natha\Documents\RiskEuropeGame\RiskEurope\src\gameMethods\CityTerritory.java
C:\Users\Natha\Documents\RiskEuropeGame\RiskEurope\src\gameMethods\Player.java
C:\Users\Natha\Documents\RiskEuropeGame\RiskEurope\src\actions\GuiSpend.java
C:\Users\Natha\Documents\RiskEuropeGame\RiskEurope\src\gameMethods\RiskEurope.java
C:\Users\Natha\Documents\RiskEuropeGame\RiskEurope\src\guiMethods\CasualtyPanel.java
C:\Users\Natha\Documents\RiskEuropeGame\RiskEurope\src\actions\GuiKingMe.java
C:\Users\Natha\Documents\RiskEuropeGame\RiskEurope\src\actions\Expand.java
C:\Users\Natha\Documents\RiskEuropeGame\RiskEurope\src\actions\GuiSplitExpand.java
C:\Users\Natha\Documents\RiskEuropeGame\RiskEurope\src\guiMethods\GameInit.java
C:\Users\Natha\Documents\RiskEuropeGame\RiskEurope\src\actions\GuiSiegeAssault.java
C:\Users\Natha\Documents\RiskEuropeGame\RiskEurope\src\gameMethods\Connector.java
C:\Users\Natha\Documents\RiskEuropeGame\RiskEurope\src\actions\GuiPlacement.java
C:\Users\Natha\Documents\RiskEuropeGame\RiskEurope\src\actions\Spend.java
C:\Users\Natha\Documents\RiskEuropeGame\RiskEurope\src\actions\Fortify.java
C:\Users\Natha\Documents\RiskEuropeGame\RiskEurope\src\guiMethods\HandGUI.java
C:\Users\Natha\Documents\RiskEuropeGame\RiskEurope\src\actions\Placement.java
C:\Users\Natha\Documents\RiskEuropeGame\RiskEurope\src\guiMethods\GameGUI.java
C:\Users\Natha\Documents\RiskEuropeGame\RiskEurope\src\actions\GuiTax.java
C:\Users\Natha\Documents\RiskEuropeGame\RiskEurope\src\actions\Maneuver.java
C:\Users\Natha\Documents\RiskEuropeGame\RiskEurope\src\gameMethods\Tester.java
C:\Users\Natha\Documents\RiskEuropeGame\RiskEurope\src\guiMethods\CurrentCardPanel.java
C:\Users\Natha\Documents\RiskEuropeGame\RiskEurope\src\actions\GuiFortify.java
C:\Users\Natha\Documents\RiskEuropeGame\RiskEurope\src\guiMethods\UnitSelectGUI.java
C:\Users\Natha\Documents\RiskEuropeGame\RiskEurope\src\guiMethods\SideGUI.java
C:\Users\Natha\Documents\RiskEuropeGame\RiskEurope\src\guiMethods\UnitPurchaseGUI.java
C:\Users\Natha\Documents\RiskEuropeGame\RiskEurope\src\guiMethods\DiceGUI.java
C:\Users\Natha\Documents\RiskEuropeGame\RiskEurope\src\actions\SplitExpand.java
C:\Users\Natha\Documents\RiskEuropeGame\RiskEurope\src\guiMethods\CombatGUI.java
C:\Users\Natha\Documents\RiskEuropeGame\RiskEurope\src\actions\KingMe.java
C:\Users\Natha\Documents\RiskEuropeGame\RiskEurope\src\guiMethods\ButtonGUI.java
C:\Users\Natha\Documents\RiskEuropeGame\RiskEurope\src\actions\Tax.java
C:\Users\Natha\Documents\RiskEuropeGame\RiskEurope\src\guiMethods\BottomGUI.java
C:\Users\Natha\Documents\RiskEuropeGame\RiskEurope\src\actions\Action.java
C:\Users\Natha\Documents\RiskEuropeGame\RiskEurope\src\actions\SiegeAssault.java
C:\Users\Natha\Documents\RiskEuropeGame\RiskEurope\src\gameMethods\GoldCityTerritory.java
C:\Users\Natha\Documents\RiskEuropeGame\RiskEurope\src\gameMethods\Territory.java
C:\Users\Natha\Documents\RiskEuropeGame\RiskEurope\src\guiMethods\ImagePanel.java
C:\Users\Natha\Documents\RiskEuropeGame\RiskEurope\src\guiMethods\AssualtCombatGUI.java
C:\Users\Natha\Documents\RiskEuropeGame\RiskEurope\src\gameMethods\GameHash.java
